// Jest Snapshot v1, https://goo.gl/fbAQLP

exports[`Renders component properly 1`] = `
<div
  load={[Function]}
  loading={false}
  update={[Function]}
>
  Hello World!
</div>
`;
